
> artifacts-docs@0.0.0 check
> npm run build && node scripts/check-links.mjs && node scripts/check-diagrams.mjs && node --test scripts/diagram-*.test.mjs


> artifacts-docs@0.0.0 build
> astro sync --force && astro build

21:32:32 [WARN] [content] data store cleared (force)
21:32:32 [content] Syncing content
21:32:32 [content] Synced content
21:32:32 [types] Generated 469ms
21:32:33 [content] Syncing content
21:32:33 [content] Synced content
21:32:33 [types] Generated 222ms
21:32:33 [build] output: "static"
21:32:33 [build] mode: "static"
21:32:33 [build] directory: /Users/mike/Projects/github.com/mikerudolph/artifacts/docs-site/dist/
21:32:33 [build] Collecting build info...
21:32:33 [build] ✓ Completed in 280ms.
21:32:33 [build] Building static entrypoints...
21:32:33 [vite] ✓ built in 268ms
21:32:33 [vite] ✓ built in 24ms
21:32:33 [build] Rearranging server assets...

 generating static routes 
21:32:33   ├─ /404.html (+4ms) 
21:32:33   ├─ /core/data-model/index.html (+0ms) 
21:32:33   ├─ /developer-tools/index.html (+0ms) 
21:32:33   ├─ /onboarding/index.html (+0ms) 
21:32:33   ├─ /core/api-reference/index.html (+5ms) 
21:32:33   ├─ /core/authentication/index.html (+1ms) 
21:32:33   ├─ /core/concepts/index.html (+3ms) 
21:32:33   ├─ /core/configuration/index.html (+1ms) 
21:32:33   ├─ /core/deployment/index.html (+1ms) 
21:32:33   ├─ /core/errors-and-limits/index.html (+1ms) 
21:32:33   ├─ /core/forks-and-imports/index.html (+7ms) 
21:32:33   ├─ /core/git/index.html (+1ms) 
21:32:33   ├─ /core/integration/index.html (+1ms) 
21:32:33   ├─ /core/reading-files/index.html (+1ms) 
21:32:33   ├─ /core/repositories/index.html (+1ms) 
21:32:33   ├─ /core/writing-files/index.html (+1ms) 
21:32:33   ├─ /developer-tools/local-development/index.html (+1ms) 
21:32:33   ├─ /developer-tools/web-ui/index.html (+1ms) 
21:32:33   ├─ /examples/index.html (+1ms) 
21:32:33   ├─ /examples/agent-sessions/index.html (+1ms) 
21:32:33   ├─ /examples/personal-memory/index.html (+1ms) 
21:32:33   ├─ /examples/snapshot-handoffs/index.html (+1ms) 
21:32:33   ├─ /getting-started/index.html (+1ms) 
21:32:33   ├─ /index.html (+2ms) 
21:32:33   ├─ /storage/index.html (+4ms) 
21:32:33 ✓ Completed in 63ms.

21:32:33 [build] ✓ Completed in 370ms.
21:32:33 [starlight:pagefind] Building search index with Pagefind...
21:32:33 [starlight:pagefind] Found 25 HTML files.
21:32:33 [starlight:pagefind] Finished building search index in 93ms.
21:32:33 [@astrojs/sitemap] `sitemap-index.xml` created at `dist`
21:32:33 [build] 22 page(s) built in 755ms
21:32:33 [build] Complete!
Checked 25 HTML pages, 900 internal links, and 17 local assets; all targets, anchors, stylesheets, fonts, and page titles are valid.
Checked 4 SVG explainers and 19 steps: motion tracks, responsive scenes, controls, static fallbacks, and SVG references are valid.
✔ easing has continuous intermediate positions and gentle endpoints (0.619625ms)
✔ consecutive chapters preserve objects instead of fading them out and back in (0.459208ms)
✔ staggered arrivals and delayed departures interpolate without snapping (0.074833ms)
✔ eviction removes only the missing interval and replay restores the same object (0.057792ms)
✔ last chapter keeps normal motion speed, then holds the completed mechanism (0.060375ms)
✔ autoplays every step, holds the final state, and loops without input (0.398667ms)
✔ slow frame rates do not slow the timeline (0.0575ms)
✔ a long frame does not skip multiple concepts (0.048292ms)
✔ seeking keeps playback running unless the reader explicitly paused (0.055333ms)
✔ pause preserves elapsed time and instances remain independent (0.052792ms)
✔ invalid scenes are rejected (0.171708ms)
✔ the agent reads before working, then returns both files before publishing (0.482333ms)
✔ publication changes the head and changed files together, preserving plan and history (0.082666ms)
✔ the next run continues from the published snapshot without rewinding history (0.196375ms)
✔ file motion and snapshot stacking contain continuous intermediate positions (0.13475ms)
✔ the two output tiles have separate flight windows (0.424ms)
✔ invalid clocks start safely and all example hashes are short hexadecimal (0.468416ms)
ℹ tests 17
ℹ suites 0
ℹ pass 17
ℹ fail 0
ℹ cancelled 0
ℹ skipped 0
ℹ todo 0
ℹ duration_ms 78.120667
