#0 building with "desktop-linux" instance using docker driver

#1 [internal] load build definition from Dockerfile
#1 transferring dockerfile: 986B 0.0s done
#1 DONE 0.0s

#2 [internal] load metadata for docker.io/library/alpine:3.23@sha256:85fe1e81d6758c208f3e1eed4338a1997e19d4be002d4dd32d3100c9a8c010a0
#2 DONE 0.0s

#3 [internal] load metadata for docker.io/library/golang:1.25-alpine@sha256:1ae0735f00daffa3aaf1363a5184c0d2dc55c78e3db4ec70241cdac97bf84b59
#3 DONE 0.0s

#4 [internal] load .dockerignore
#4 transferring context: 138B done
#4 DONE 0.0s

#5 [internal] load build context
#5 DONE 0.0s

#6 [stage-1 1/4] FROM docker.io/library/alpine:3.23@sha256:85fe1e81d6758c208f3e1eed4338a1997e19d4be002d4dd32d3100c9a8c010a0
#6 resolve docker.io/library/alpine:3.23@sha256:85fe1e81d6758c208f3e1eed4338a1997e19d4be002d4dd32d3100c9a8c010a0 0.0s done
#6 DONE 0.0s

#7 [build 1/6] FROM docker.io/library/golang:1.25-alpine@sha256:1ae0735f00daffa3aaf1363a5184c0d2dc55c78e3db4ec70241cdac97bf84b59
#7 resolve docker.io/library/golang:1.25-alpine@sha256:1ae0735f00daffa3aaf1363a5184c0d2dc55c78e3db4ec70241cdac97bf84b59 0.0s done
#7 DONE 0.0s

#5 [internal] load build context
#5 transferring context: 10.06kB done
#5 DONE 0.0s

#8 [build 2/6] WORKDIR /src
#8 CACHED

#9 [build 3/6] COPY go.mod go.sum ./
#9 CACHED

#10 [build 4/6] RUN go mod download
#10 CACHED

#11 [build 5/6] COPY . .
#11 DONE 0.1s

#12 [build 6/6] RUN CGO_ENABLED=0 go build -trimpath -buildvcs=false -o /artifacts ./cmd/artifacts
#12 DONE 20.5s

#13 [stage-1 2/4] RUN apk add --no-cache ca-certificates git     && addgroup -g 10001 artifacts     && adduser -D -u 10001 -G artifacts artifacts     && mkdir -p /var/lib/artifacts/objects /var/cache/artifacts/repos /var/cache/artifacts/tmp     && chown -R 10001:10001 /var/lib/artifacts /var/cache/artifacts
#13 CACHED

#14 [stage-1 3/4] COPY --from=build /artifacts /usr/local/bin/artifacts
#14 DONE 0.1s

#15 [stage-1 4/4] WORKDIR /home/artifacts
#15 DONE 0.0s

#16 exporting to image
#16 exporting layers
#16 exporting layers 1.2s done
#16 exporting manifest sha256:521081dd796f3f1b5688b10bc4bc928e0d627706d21265a26e68d2ac784a9798 done
#16 exporting config sha256:804d9dd566e153428d3e57247bde160d79b050a1ceb4bb8e6fc87fa2df14e4a7 done
#16 exporting attestation manifest sha256:7e8df6d3a90510513a181bdda1b6397ad9bff7db9bf4a1acee18d0393f922fbb done
#16 exporting manifest list sha256:4e1bcf1fc5d97958352ad5416eee9ee427c6a18723c69c4a49ccd47f55bb6ebb done
#16 naming to docker.io/library/artifacts-database-verify:local done
#16 unpacking to docker.io/library/artifacts-database-verify:local
#16 unpacking to docker.io/library/artifacts-database-verify:local 0.2s done
#16 DONE 1.4s
