docker build -t artifacts-test-minio:2025-09-07 test/minio
#0 building with "desktop-linux" instance using docker driver

#1 [internal] load build definition from Dockerfile
#1 transferring dockerfile: 804B done
#1 DONE 0.0s

#2 [internal] load metadata for docker.io/library/alpine:3.23@sha256:85fe1e81d6758c208f3e1eed4338a1997e19d4be002d4dd32d3100c9a8c010a0
#2 ...

#3 [internal] load metadata for docker.io/library/golang:1.25-alpine@sha256:1ae0735f00daffa3aaf1363a5184c0d2dc55c78e3db4ec70241cdac97bf84b59
#3 DONE 0.6s

#2 [internal] load metadata for docker.io/library/alpine:3.23@sha256:85fe1e81d6758c208f3e1eed4338a1997e19d4be002d4dd32d3100c9a8c010a0
#2 DONE 0.6s

#4 [internal] load .dockerignore
#4 transferring context: 2B done
#4 DONE 0.0s

#5 [build 1/3] FROM docker.io/library/golang:1.25-alpine@sha256:1ae0735f00daffa3aaf1363a5184c0d2dc55c78e3db4ec70241cdac97bf84b59
#5 resolve docker.io/library/golang:1.25-alpine@sha256:1ae0735f00daffa3aaf1363a5184c0d2dc55c78e3db4ec70241cdac97bf84b59 done
#5 CACHED

#6 [stage-1 1/5] FROM docker.io/library/alpine:3.23@sha256:85fe1e81d6758c208f3e1eed4338a1997e19d4be002d4dd32d3100c9a8c010a0
#6 resolve docker.io/library/alpine:3.23@sha256:85fe1e81d6758c208f3e1eed4338a1997e19d4be002d4dd32d3100c9a8c010a0 done
#6 CACHED

#7 [stage-1 2/5] RUN apk add --no-cache ca-certificates
#7 0.709 (1/1) Installing ca-certificates (20260909-r0)
#7 0.740 Executing busybox-1.37.0-r30.trigger
#7 0.748 Executing ca-certificates-20260909-r0.trigger
#7 0.766 OK: 8749 KiB in 17 packages
#7 DONE 0.8s

#8 [build 2/3] RUN go install github.com/minio/minio@v0.0.0-20250907161309-07c3a429bfed
#8 0.489 go: downloading github.com/minio/minio v0.0.0-20250907161309-07c3a429bfed
#8 2.839 go: downloading cloud.google.com/go/storage v1.52.0
#8 2.845 go: downloading github.com/Azure/azure-sdk-for-go/sdk/azcore v1.18.0
#8 2.845 go: downloading github.com/Azure/azure-sdk-for-go/sdk/azidentity v1.9.0
#8 2.846 go: downloading github.com/Azure/azure-sdk-for-go/sdk/storage/azblob v1.6.1
#8 2.847 go: downloading github.com/cespare/xxhash/v2 v2.3.0
#8 2.847 go: downloading github.com/cheggaaa/pb v1.0.29
#8 2.847 go: downloading github.com/coreos/go-oidc/v3 v3.14.1
#8 2.849 go: downloading github.com/coreos/go-systemd/v22 v22.5.0
#8 3.037 go: downloading github.com/cosnicolaou/pbzip2 v1.0.5
#8 3.306 go: downloading github.com/dchest/siphash v1.2.3
#8 3.399 go: downloading cloud.google.com/go v0.120.1
#8 3.418 go: downloading github.com/dustin/go-humanize v1.0.1
#8 3.422 go: downloading github.com/fatih/color v1.18.0
#8 3.422 go: downloading github.com/felixge/fgprof v0.9.5
#8 3.435 go: downloading github.com/go-openapi/loads v0.22.0
#8 3.475 go: downloading github.com/golang-jwt/jwt/v4 v4.5.2
#8 3.495 go: downloading github.com/google/uuid v1.6.0
#8 3.495 go: downloading github.com/inconshreveable/mousetrap v1.1.0
#8 3.554 go: downloading github.com/json-iterator/go v1.1.12
#8 3.607 go: downloading github.com/klauspost/compress v1.18.0
#8 3.744 go: downloading github.com/klauspost/filepathx v1.1.1
#8 3.837 go: downloading github.com/klauspost/pgzip v1.2.6
#8 3.837 go: downloading github.com/klauspost/readahead v1.4.0
#8 3.852 go: downloading github.com/klauspost/reedsolomon v1.12.4
#8 4.026 go: downloading github.com/lithammer/shortuuid/v4 v4.2.0
#8 4.069 go: downloading github.com/miekg/dns v1.1.65
#8 4.197 go: downloading github.com/minio/cli v1.24.2
#8 4.213 go: downloading github.com/minio/console v1.7.7-0.20250905210349-2017f33b26e1
#8 4.534 go: downloading github.com/minio/dnscache v0.1.1
#8 4.780 go: downloading github.com/minio/dperf v0.6.3
#8 5.061 go: downloading github.com/minio/highwayhash v1.0.3
#8 5.097 go: downloading github.com/minio/kms-go/kes v0.3.1
#8 5.097 go: downloading github.com/minio/madmin-go/v3 v3.0.109
#8 5.311 go: downloading github.com/minio/minio-go/v7 v7.0.91
#8 5.637 go: downloading github.com/minio/mux v1.9.2
#8 5.637 go: downloading github.com/minio/pkg/v3 v3.1.3
#8 6.009 go: downloading github.com/minio/sio v0.4.1
#8 6.009 go: downloading github.com/minio/selfupdate v0.6.0
#8 6.009 go: downloading github.com/minio/zipindex v0.4.0
#8 6.010 go: downloading github.com/minio/xxml v0.0.3
#8 6.010 go: downloading github.com/mitchellh/go-homedir v1.1.0
#8 6.010 go: downloading github.com/pkg/errors v0.9.1
#8 6.012 go: downloading github.com/philhofer/fwd v1.1.3-0.20240916144458-20a13a1f6b7c
#8 6.012 go: downloading github.com/pierrec/lz4/v4 v4.1.22
#8 6.012 go: downloading github.com/pkg/sftp v1.13.9
#8 6.012 go: downloading github.com/pkg/xattr v0.4.10
#8 6.190 go: downloading github.com/prometheus/client_golang v1.22.0
#8 6.318 go: downloading github.com/prometheus/client_model v0.6.2
#8 6.369 go: downloading github.com/prometheus/common v0.63.0
#8 6.445 go: downloading github.com/prometheus/procfs v0.16.1
#8 6.445 go: downloading github.com/puzpuzpuz/xsync/v3 v3.5.1
#8 6.601 go: downloading github.com/rcrowley/go-metrics v0.0.0-20250401214520-65e299d6c5c9
#8 6.601 go: downloading github.com/rs/cors v1.11.1
#8 6.602 go: downloading github.com/secure-io/sio-go v0.3.1
#8 6.612 go: downloading github.com/shirou/gopsutil/v3 v3.24.5
#8 6.768 go: downloading github.com/tinylib/msgp v1.2.5
#8 6.781 go: downloading github.com/valyala/bytebufferpool v1.0.0
#8 6.804 go: downloading github.com/zeebo/xxh3 v1.0.2
#8 6.814 go: downloading go.etcd.io/etcd/api/v3 v3.5.21
#8 6.877 go: downloading go.etcd.io/etcd/client/v3 v3.5.21
#8 6.921 go: downloading go.uber.org/atomic v1.11.0
#8 6.952 go: downloading goftp.io/server/v2 v2.0.1
#8 7.032 go: downloading golang.org/x/crypto v0.37.0
#8 7.118 go: downloading golang.org/x/oauth2 v0.29.0
#8 7.143 go: downloading golang.org/x/sync v0.13.0
#8 7.143 go: downloading golang.org/x/sys v0.32.0
#8 7.143 go: downloading golang.org/x/term v0.31.0
#8 7.159 go: downloading google.golang.org/api v0.230.0
#8 7.336 go: downloading gopkg.in/yaml.v2 v2.4.0
#8 7.343 go: downloading gopkg.in/yaml.v3 v3.0.1
#8 7.476 go: downloading github.com/mattn/go-runewidth v0.0.16
#8 7.494 go: downloading github.com/go-jose/go-jose/v4 v4.1.0
#8 7.500 go: downloading github.com/Azure/azure-sdk-for-go/sdk/internal v1.11.1
#8 7.596 go: downloading github.com/AzureAD/microsoft-authentication-library-for-go v1.4.2
#8 7.947 go: downloading github.com/mattn/go-isatty v0.0.20
#8 7.947 go: downloading github.com/mattn/go-colorable v0.1.14
#8 7.985 go: downloading github.com/modern-go/concurrent v0.0.0-20180306012644-bacd9c7ef1dd
#8 7.985 go: downloading github.com/modern-go/reflect2 v1.0.2
#8 7.985 go: downloading github.com/go-openapi/analysis v0.23.0
#8 7.986 go: downloading github.com/go-openapi/spec v0.21.0
#8 8.098 go: downloading github.com/go-openapi/swag v0.23.1
#8 8.131 go: downloading cloud.google.com/go/compute/metadata v0.6.0
#8 8.135 go: downloading cloud.google.com/go/iam v1.5.2
#8 8.260 go: downloading github.com/GoogleCloudPlatform/opentelemetry-operations-go/exporter/metric v0.51.0
#8 8.328 go: downloading github.com/googleapis/gax-go/v2 v2.14.1
#8 8.474 go: downloading go.opentelemetry.io/contrib/detectors/gcp v1.35.0
#8 8.479 go: downloading go.opentelemetry.io/otel v1.35.0
#8 8.618 go: downloading go.opentelemetry.io/otel/sdk/metric v1.35.0
#8 8.733 go: downloading go.opentelemetry.io/otel/sdk v1.35.0
#8 8.922 go: downloading go.opentelemetry.io/otel/trace v1.35.0
#8 9.051 go: downloading google.golang.org/genproto v0.0.0-20250422160041-2d3770c4ea7f
#8 10.76 go: downloading google.golang.org/grpc v1.72.0
#8 11.41 go: downloading google.golang.org/protobuf v1.36.6
#8 12.30 go: downloading github.com/google/pprof v0.0.0-20250422154841-e1f9c1950416
#8 12.30 go: downloading github.com/klauspost/cpuid/v2 v2.2.10
#8 12.60 go: downloading golang.org/x/net v0.39.0
#8 13.22 go: downloading github.com/ncw/directio v1.0.5
#8 13.22 go: downloading github.com/go-openapi/errors v0.22.1
#8 13.48 go: downloading github.com/go-openapi/runtime v0.28.0
#8 13.78 go: downloading github.com/jessevdk/go-flags v1.6.1
#8 13.78 go: downloading github.com/minio/mc v0.0.0-20250313080218-cf909e1063a9
#8 14.30 go: downloading github.com/minio/websocket v1.6.0
#8 14.30 go: downloading github.com/unrolled/secure v1.17.0
#8 14.39 go: downloading github.com/go-openapi/strfmt v0.23.0
#8 14.39 go: downloading aead.dev/mem v0.2.0
#8 14.39 go: downloading github.com/goccy/go-json v0.10.5
#8 14.39 go: downloading github.com/minio/crc64nvme v1.0.1
#8 14.39 go: downloading github.com/minio/md5-simd v1.1.2
#8 14.39 go: downloading golang.org/x/time v0.11.0
#8 14.39 go: downloading github.com/beevik/ntp v1.4.3
#8 14.39 go: downloading go.uber.org/zap v1.27.0
#8 14.56 go: downloading github.com/go-ldap/ldap/v3 v3.4.11
#8 14.58 go: downloading github.com/rabbitmq/amqp091-go v1.10.0
#8 14.61 go: downloading github.com/gobwas/ws v1.4.0
#8 14.61 go: downloading github.com/IBM/sarama v1.45.1
#8 14.69 go: downloading github.com/eclipse/paho.mqtt.golang v1.5.0
#8 14.70 go: downloading github.com/elastic/go-elasticsearch/v7 v7.17.10
#8 14.70 go: downloading github.com/go-sql-driver/mysql v1.9.2
#8 14.76 go: downloading github.com/gomodule/redigo v1.9.2
#8 14.81 go: downloading github.com/lib/pq v1.10.9
#8 14.81 go: downloading github.com/rs/xid v1.6.0
#8 14.88 go: downloading github.com/nats-io/nats.go v1.41.2
#8 14.93 go: downloading github.com/go-ini/ini v1.67.0
#8 14.96 go: downloading github.com/nats-io/stan.go v0.10.4
#8 14.96 go: downloading github.com/buger/jsonparser v1.1.1
#8 14.98 go: downloading aead.dev/mtls v0.2.1
#8 15.03 go: downloading github.com/nsqio/go-nsq v1.1.0
#8 15.03 go: downloading github.com/minio/kms-go/kms v0.5.1-0.20250225090116-4e64ce8d0f35
#8 15.07 go: downloading github.com/xdg/scram v1.0.5
#8 15.07 go: downloading github.com/minio/simdjson-go v0.4.5
#8 15.10 go: downloading github.com/prometheus/prom2json v1.4.2
#8 15.10 go: downloading github.com/safchain/ethtool v0.5.10
#8 15.22 go: downloading github.com/rjeczalik/notify v0.9.3
#8 15.27 go: downloading github.com/lestrrat-go/jwx/v2 v2.1.4
#8 15.35 go: downloading github.com/fatih/structs v1.1.0
#8 15.36 go: downloading aead.dev/minisign v0.3.0
#8 15.37 go: downloading github.com/kr/fs v0.1.0
#8 15.39 go: downloading github.com/beorn7/perks v1.0.1
#8 15.39 go: downloading github.com/munnerz/goautoneg v0.0.0-20191010083416-a7dc8b61c822
#8 15.52 go: downloading github.com/tklauser/go-sysconf v0.3.15
#8 15.52 go: downloading github.com/gogo/protobuf v1.3.2
#8 15.52 go: downloading github.com/golang/protobuf v1.5.4
#8 15.53 go: downloading go.etcd.io/etcd/client/pkg/v3 v3.5.21
#8 15.66 go: downloading github.com/rivo/uniseg v0.4.7
#8 15.66 go: downloading github.com/kylelemons/godebug v1.1.0
#8 15.66 go: downloading github.com/pkg/browser v0.0.0-20240102092130-5ac0b6a4141c
#8 15.66 go: downloading github.com/mailru/easyjson v0.9.0
#8 15.74 go: downloading google.golang.org/genproto/googleapis/api v0.0.0-20250422160041-2d3770c4ea7f
#8 15.81 go: downloading google.golang.org/genproto/googleapis/rpc v0.0.0-20250422160041-2d3770c4ea7f
#8 15.81 go: downloading github.com/go-openapi/jsonpointer v0.21.1
#8 15.84 go: downloading cloud.google.com/go/monitoring v1.24.2
#8 15.85 go: downloading github.com/GoogleCloudPlatform/opentelemetry-operations-go/internal/resourcemapping v0.51.0
#8 16.02 go: downloading github.com/go-openapi/jsonreference v0.21.0
#8 16.05 go: downloading github.com/GoogleCloudPlatform/opentelemetry-operations-go/detectors/gcp v1.27.0
#8 16.05 go: downloading github.com/go-logr/logr v1.4.2
#8 16.05 go: downloading go.opentelemetry.io/otel/metric v1.35.0
#8 16.06 go: downloading github.com/go-openapi/validate v0.24.0
#8 16.11 go: downloading github.com/docker/go-units v0.5.0
#8 16.21 go: downloading github.com/charmbracelet/bubbles v0.20.0
#8 16.26 go: downloading github.com/charmbracelet/bubbletea v1.3.4
#8 16.29 go: downloading github.com/charmbracelet/lipgloss v1.0.0
#8 16.29 go: downloading github.com/google/shlex v0.0.0-20191202100458-e7afc7fbc510
#8 16.43 go: downloading github.com/jedib0t/go-pretty/v6 v6.6.7
#8 16.44 go: downloading github.com/mattn/go-ieproxy v0.0.12
#8 16.54 go: downloading github.com/minio/colorjson v1.0.8
#8 16.59 go: downloading github.com/minio/filepath v1.0.0
#8 16.60 go: downloading github.com/muesli/reflow v0.3.0
#8 16.60 go: downloading github.com/muesli/termenv v0.16.0
#8 16.60 go: downloading github.com/olekukonko/tablewriter v0.0.5
#8 16.60 go: downloading github.com/posener/complete v1.2.3
#8 16.74 go: downloading github.com/tidwall/gjson v1.18.0
#8 16.76 go: downloading github.com/vbauerster/mpb/v8 v8.9.3
#8 16.81 go: downloading golang.org/x/text v0.24.0
#8 16.81 go: downloading cloud.google.com/go/auth v0.16.0
#8 16.85 go: downloading cloud.google.com/go/auth/oauth2adapt v0.2.8
#8 16.86 go: downloading go.opentelemetry.io/contrib/instrumentation/net/http/otelhttp v0.60.0
#8 16.86 go: downloading go.uber.org/multierr v1.11.0
#8 16.87 go: downloading github.com/asaskevich/govalidator v0.0.0-20230301143203-a9d515a09cc2
#8 16.99 go: downloading github.com/mitchellh/mapstructure v1.5.0
#8 17.10 go: downloading github.com/oklog/ulid v1.3.1
#8 17.10 go: downloading go.mongodb.org/mongo-driver v1.17.3
#8 17.19 go: downloading github.com/gobwas/httphead v0.1.0
#8 17.19 go: downloading github.com/gobwas/pool v0.2.1
#8 17.24 go: downloading github.com/Azure/go-ntlmssp v0.0.0-20221128193559-754e69321358
#8 17.26 go: downloading github.com/go-asn1-ber/asn1-ber v1.5.8-0.20250403174932-29230038a667
#8 17.46 go: downloading filippo.io/edwards25519 v1.1.0
#8 17.46 go: downloading github.com/gorilla/websocket v1.5.3
#8 17.46 go: downloading github.com/davecgh/go-spew v1.1.2-0.20180830191138-d8f796af33cc
#8 17.51 go: downloading github.com/eapache/go-resiliency v1.7.0
#8 17.52 go: downloading github.com/eapache/go-xerial-snappy v0.0.0-20230731223053-c322873962e3
#8 17.55 go: downloading github.com/eapache/queue v1.1.0
#8 17.62 go: downloading github.com/hashicorp/go-multierror v1.1.1
#8 17.68 go: downloading github.com/jcmturner/gofork v1.7.6
#8 17.70 go: downloading github.com/jcmturner/gokrb5/v8 v8.4.4
#8 17.86 go: downloading github.com/minio/csvparser v1.0.0
#8 17.86 go: downloading github.com/fraugster/parquet-go v0.12.0
#8 17.86 go: downloading github.com/alecthomas/participle v0.7.1
#8 17.86 go: downloading github.com/nats-io/nuid v1.0.1
#8 17.99 go: downloading github.com/nats-io/nkeys v0.4.11
#8 18.08 go: downloading github.com/xdg/stringprep v1.0.3
#8 18.10 go: downloading github.com/golang/snappy v1.0.0
#8 18.20 go: downloading github.com/matttproud/golang_protobuf_extensions v1.0.4
#8 18.20 go: downloading github.com/coreos/go-semver v0.3.1
#8 18.22 go: downloading github.com/lestrrat-go/option v1.0.1
#8 18.22 go: downloading github.com/lestrrat-go/blackmagic v1.0.2
#8 18.23 go: downloading github.com/lestrrat-go/httprc v1.0.6
#8 18.24 go: downloading github.com/lestrrat-go/iter v1.0.2
#8 18.37 go: downloading github.com/golang-jwt/jwt/v5 v5.2.2
#8 18.37 go: downloading go.opentelemetry.io/contrib/instrumentation/google.golang.org/grpc/otelgrpc v0.60.0
#8 18.37 go: downloading github.com/josharian/intern v1.0.0
#8 18.37 go: downloading github.com/tklauser/numcpus v0.10.0
#8 18.37 go: downloading github.com/go-logr/stdr v1.2.2
#8 18.38 go: downloading go.opentelemetry.io/auto/sdk v1.1.0
#8 18.45 go: downloading github.com/envoyproxy/go-control-plane/envoy v1.32.4
#8 18.51 go: downloading github.com/charmbracelet/x/ansi v0.8.0
#8 18.53 go: downloading github.com/charmbracelet/x/term v0.2.1
#8 18.54 go: downloading github.com/muesli/ansi v0.0.0-20230316100256-276c6243b2f6
#8 18.60 go: downloading github.com/muesli/cancelreader v0.2.2
#8 18.60 go: downloading github.com/juju/ratelimit v1.0.2
#8 18.65 go: downloading github.com/aymanbagabas/go-osc52/v2 v2.0.1
#8 18.65 go: downloading github.com/lucasb-eyer/go-colorful v1.2.0
#8 18.78 go: downloading github.com/google/s2a-go v0.1.9
#8 18.86 go: downloading github.com/googleapis/enterprise-certificate-proxy v0.3.6
#8 18.87 go: downloading github.com/tidwall/match v1.1.1
#8 18.90 go: downloading github.com/tidwall/pretty v1.2.1
#8 18.92 go: downloading github.com/acarl005/stripansi v0.0.0-20180116102854-5a71ef0e047d
#8 18.96 go: downloading github.com/VividCortex/ewma v1.2.0
#8 18.96 go: downloading github.com/felixge/httpsnoop v1.0.4
#8 19.02 go: downloading github.com/hashicorp/errwrap v1.1.0
#8 19.04 go: downloading github.com/jcmturner/dnsutils/v2 v2.0.0
#8 19.09 go: downloading github.com/hashicorp/go-uuid v1.0.3
#8 19.12 go: downloading github.com/prometheus/prometheus v0.303.0
#8 19.15 go: downloading github.com/apache/thrift v0.21.0
#8 19.17 go: downloading github.com/spiffe/go-spiffe/v2 v2.5.0
#8 19.20 go: downloading github.com/lestrrat-go/httpcc v1.0.1
#8 19.64 go: downloading github.com/cncf/xds/go v0.0.0-20250326154945-ae57f3c0d45f
#8 19.64 go: downloading github.com/jcmturner/rpc/v2 v2.0.3
#8 19.64 go: downloading github.com/zeebo/errs v1.4.0
#8 19.77 go: downloading github.com/envoyproxy/protoc-gen-validate v1.2.1
#8 20.00 go: downloading github.com/jcmturner/aescts/v2 v2.0.0
#8 20.00 go: downloading cel.dev/expr v0.23.1
#8 DONE 55.3s

#9 [build 3/3] RUN go install github.com/minio/mc@v0.0.0-20250813083541-7394ce0dd2a8
#9 0.738 go: downloading github.com/minio/mc v0.0.0-20250813083541-7394ce0dd2a8
#9 1.909 go: downloading github.com/minio/pkg/v3 v3.1.0
#9 1.961 go: downloading github.com/minio/madmin-go/v3 v3.0.107-0.20250415152934-4b504b82db63
#9 1.961 go: downloading github.com/minio/minio-go/v7 v7.0.90
#9 2.722 go: downloading github.com/prometheus/client_golang v1.21.1
#9 2.724 go: downloading github.com/prometheus/procfs v0.16.0
#9 2.727 go: downloading golang.org/x/net v0.42.0
#9 2.727 go: downloading golang.org/x/sys v0.34.0
#9 2.727 go: downloading golang.org/x/term v0.33.0
#9 2.728 go: downloading golang.org/x/text v0.27.0
#9 2.756 go: downloading golang.org/x/sync v0.16.0
#9 3.144 go: downloading golang.org/x/crypto v0.40.0
#9 3.219 go: downloading go.etcd.io/etcd/client/v3 v3.5.19
#9 3.685 go: downloading go.etcd.io/etcd/api/v3 v3.5.19
#9 3.685 go: downloading go.etcd.io/etcd/client/pkg/v3 v3.5.19
#9 3.880 go: downloading google.golang.org/grpc v1.71.0
#9 4.399 go: downloading google.golang.org/genproto/googleapis/api v0.0.0-20250311173030-29e43e6258d7
#9 4.399 go: downloading google.golang.org/genproto/googleapis/rpc v0.0.0-20250303144028-a0af3efb3deb
#9 DONE 9.9s

#10 [stage-1 3/5] COPY --from=build /out/minio /out/mc /usr/local/bin/
#10 DONE 0.2s

#11 [stage-1 4/5] COPY --from=build /go/pkg/mod/github.com/minio/minio@v0.0.0-20250907161309-07c3a429bfed/LICENSE /licenses/minio-LICENSE
#11 DONE 0.0s

#12 [stage-1 5/5] COPY --from=build /go/pkg/mod/github.com/minio/mc@v0.0.0-20250813083541-7394ce0dd2a8/LICENSE /licenses/mc-LICENSE
#12 DONE 0.0s

#13 exporting to image
#13 exporting layers
#13 exporting layers 3.0s done
#13 exporting manifest sha256:74cb616916df9db85eaa40443161ebe63d1a924a8b88bd0ca70c34c67c4a2ba6 done
#13 exporting config sha256:03f19d129c4aff3952e74ba9a71442c2e881b9db7a5fa9b2be806dad73c5027b done
#13 exporting attestation manifest sha256:bbda8a01b7712d2acdd7d592da59e400259f849a770573ea89da4b00ce68af93 done
#13 exporting manifest list sha256:a2b6474486950058b26259b8b79200667f6af78d650922d17ed5827b0a4f5c3e done
#13 naming to docker.io/library/artifacts-test-minio:2025-09-07 done
#13 unpacking to docker.io/library/artifacts-test-minio:2025-09-07
#13 unpacking to docker.io/library/artifacts-test-minio:2025-09-07 0.7s done
#13 DONE 3.8s
